06-24 16:13:14.035 10098 10198 W com.player.tv: AIBinder_linkToDeath is being called with a non-null cookie and no onUnlink callback set. Use AIBinder_DeathRecipient_setOnUnlinked to manage the lifetime of the cookie. This will become an abort.
06-24 16:13:18.099 10098 10295 D AidlBufferPool: bufferpool2 0x749b77069818 : 5(31457280 size) total buffers - 4(25165824 size) used buffers - 231/237 (recycle/alloc) - 10/235 (fetch/transfer)
06-24 16:13:19.124 10098 10300 D AidlBufferPool: bufferpool2 0x749b77066c28 : 5(40960 size) total buffers - 4(32768 size) used buffers - 187/192 (recycle/alloc) - 14/189 (fetch/transfer)
06-24 16:13:19.821 10098 10174 D AidlBufferPoolAcc: evictor expired: 2, evicted: 0
06-24 16:13:22.823 10098 10174 D AidlBufferPoolAcc: evictor expired: 1, evicted: 1
06-24 16:13:24.826 10098 10174 D AidlBufferPool: bufferpool2 0x749b77066c28 : 5(40960 size) total buffers - 0(0 size) used buffers - 192/197 (recycle/alloc) - 14/197 (fetch/transfer)
06-24 16:13:24.826 10098 10174 D AidlBufferPoolAcc: evictor expired: 1, evicted: 1
06-24 16:13:31.095 10098 10104 I com.player.tv: Compiler allocated 7893KB to compile void com.player.tv.ui.home.HomeScreenKt.HomeScreen(kotlin.jvm.functions.Function1, kotlin.jvm.functions.Function0, androidx.compose.runtime.Composer, int)
06-24 16:13:31.996 10098 10296 D AidlBufferPool: bufferpool2 0x749b77069818 : 4(25165824 size) total buffers - 4(25165824 size) used buffers - 231/237 (recycle/alloc) - 10/237 (fetch/transfer)
06-24 16:13:31.996 10098 10296 D AidlBufferPool: bufferpool2 0x749b77066c28 : 0(0 size) total buffers - 0(0 size) used buffers - 192/197 (recycle/alloc) - 14/197 (fetch/transfer)
06-24 16:13:32.004 10098 10276 D MediaCodec: keep callback message for reclaim
06-24 16:13:32.009 10098 10295 I CCodecConfig: query failed after returning 14 values (BAD_INDEX)
06-24 16:13:32.011 10098 10121 D CCodecBufferChannel: [c2.goldfish.h264.decoder#465] Ignoring stale input buffer done callback: last flush index = 237, frameIndex = 233
06-24 16:13:32.012 10098 10296 D CCodecBufferChannel: [c2.goldfish.h264.decoder#465] flushed work; ignored.
06-24 16:13:32.014 10098 10296 D CCodecBufferChannel: [c2.goldfish.h264.decoder#465] Discard frames from previous generation.
06-24 16:13:32.014 10098 10296 D LegacyGraphicsTracker: maxDequeueCount is already 12
06-24 16:13:32.018 10098 10276 D MediaCodec: keep callback message for reclaim
06-24 16:13:32.019 10098 10300 I CCodecConfig: query failed after returning 21 values (BAD_INDEX)
06-24 16:13:32.633 10098 10276 D MediaCodecInfo: NoSupport [sizeAndRate.cover, 1920x1080@50.0] [c2.goldfish.h264.decoder, video/avc] [emu64xa16k, sdk_gphone16k_x86_64, Google, 37]
06-24 16:13:32.634 10098 10276 D MediaCodecInfo: NoSupport [sizeAndRate.cover, 1920x1080@50.0] [c2.goldfish.h264.decoder, video/avc] [emu64xa16k, sdk_gphone16k_x86_64, Google, 37]
06-24 16:13:32.643 10098 10295 D CCodecBufferChannel: [c2.goldfish.h264.decoder#465] MediaCodec discarded an unknown buffer
06-24 16:13:32.643 10098 10276 D MediaCodec: keep callback message for reclaim
06-24 16:13:32.643 10098 10295 I CCodecConfig: query failed after returning 14 values (BAD_INDEX)
06-24 16:13:32.649 10098 10276 D MediaCodec: keep callback message for reclaim
06-24 16:13:32.649 10098 10300 I CCodecConfig: query failed after returning 21 values (BAD_INDEX)
06-24 16:13:32.774 10098 10295 W com.player.tv: AIBinder_linkToDeath is being called with a non-null cookie and no onUnlink callback set. Use AIBinder_DeathRecipient_setOnUnlinked to manage the lifetime of the cookie. This will become an abort.
06-24 16:13:32.774 10098 10300 D CCodecBufferChannel: [c2.android.aac.decoder#125] MediaCodec discarded an unknown buffer
06-24 16:13:32.774 10098 10300 D CCodecBufferChannel: [c2.android.aac.decoder#125] MediaCodec discarded an unknown buffer
06-24 16:13:32.774 10098 10300 D CCodecBufferChannel: [c2.android.aac.decoder#125] MediaCodec discarded an unknown buffer
06-24 16:13:32.774 10098 10300 D CCodecBufferChannel: [c2.android.aac.decoder#125] MediaCodec discarded an unknown buffer
06-24 16:13:32.775 10098 10330 D CCodec  : hold CodecLooper(1) until release
06-24 16:13:32.776 10098 10276 I DMCodecAdapterFactory: Creating an asynchronous MediaCodec adapter for track type audio
06-24 16:13:32.780 10098 10276 I MediaCodec: Retry enabled for HDCP failure
06-24 16:13:32.793 10098 10276 W com.player.tv: Failed to query component store for system resources: 6
06-24 16:13:32.793 10098 10197 D CCodecBufferChannel: [c2.goldfish.h264.decoder#465] Ignoring stale input buffer done callback: last flush index = 237, frameIndex = 237
06-24 16:13:32.794 10098 10276 D MediaCodec: MediaCodec::reclaim(0x749b470c97a0) c2.android.aac.decoder
06-24 16:13:32.808 10098 10300 E MediaCodec: Released by resource manager
06-24 16:13:32.827 10098 10331 D CCodec  : allocate(c2.android.aac.decoder)
06-24 16:13:32.831 10098 10331 I CCodec  : setting up 'default' as default (vendor) store
06-24 16:13:32.833 10098 10296 D CCodecConfig: c2 config diff is   c2::u32 raw.color.matrix = 1
06-24 16:13:32.833 10098 10296 D CCodecConfig:   c2::u32 raw.color.primaries = 1
06-24 16:13:32.833 10098 10296 D CCodecConfig:   c2::u32 raw.color.transfer = 3
06-24 16:13:32.834 10098 10296 D LegacyGraphicsTracker: maxDequeueCount is already 12
06-24 16:13:32.839 10098 10331 W com.player.tv: AIBinder_linkToDeath is being called with a non-null cookie and no onUnlink callback set. Use AIBinder_DeathRecipient_setOnUnlinked to manage the lifetime of the cookie. This will become an abort.
06-24 16:13:32.839 10098 10331 I CCodec  : Created component [c2.android.aac.decoder] for [c2.android.aac.decoder]
06-24 16:13:32.839 10098 10331 D CCodecConfig: read media type: audio/mp4a-latm
06-24 16:13:32.845 10098 10331 D ReflectedParamUpdater: extent() != 1 for single value type: algo.buffers.max-count.values
06-24 16:13:32.847 10098 10331 D ReflectedParamUpdater: extent() != 1 for single value type: output.subscribed-indices.values
06-24 16:13:32.847 10098 10331 D ReflectedParamUpdater: extent() != 1 for single value type: input.buffers.allocator-ids.values
06-24 16:13:32.847 10098 10331 D ReflectedParamUpdater: extent() != 1 for single value type: output.buffers.allocator-ids.values
06-24 16:13:32.848 10098 10331 D ReflectedParamUpdater: extent() != 1 for single value type: algo.buffers.allocator-ids.values
06-24 16:13:32.848 10098 10331 D ReflectedParamUpdater: extent() != 1 for single value type: output.buffers.pool-ids.values
06-24 16:13:32.848 10098 10331 D ReflectedParamUpdater: extent() != 1 for single value type: algo.buffers.pool-ids.values
06-24 16:13:32.854 10098 10331 I CCodecConfig: query failed after returning 21 values (BAD_INDEX)
06-24 16:13:32.854 10098 10331 D CCodecConfig: c2 config diff is Dict {
06-24 16:13:32.854 10098 10331 D CCodecConfig:   c2::u32 coded.aac-packaging.value = 0
06-24 16:13:32.854 10098 10331 D CCodecConfig:   c2::u32 coded.bitrate.value = 64000
06-24 16:13:32.854 10098 10331 D CCodecConfig:   c2::u32 coded.pl.level = 0
06-24 16:13:32.854 10098 10331 D CCodecConfig:   c2::u32 coded.pl.profile = 8192
06-24 16:13:32.854 10098 10331 D CCodecConfig:   c2::i32 coding.drc.album-mode.value = 0
06-24 16:13:32.854 10098 10331 D CCodecConfig:   c2::float coding.drc.attenuation-factor.value = 1
06-24 16:13:32.854 10098 10331 D CCodecConfig:   c2::float coding.drc.boost-factor.value = 1
06-24 16:13:32.854 10098 10331 D CCodecConfig:   c2::i32 coding.drc.compression-mode.value = 3
06-24 16:13:32.854 10098 10331 D CCodecConfig:   c2::i32 coding.drc.effect-type.value = 3
06-24 16:13:32.854 10098 10331 D CCodecConfig:   c2::float coding.drc.encoded-level.value = 0.25
06-24 16:13:32.854 10098 10331 D CCodecConfig:   c2::float coding.drc.reference-level.value = -16
06-24 16:13:32.854 10098 10331 D CCodecConfig:   c2::u32 input.buffers.max-size.value = 8192
06-24 16:13:32.854 10098 10331 D CCodecConfig:   c2::u32 input.delay.value = 0
06-24 16:13:32.854 10098 10331 D CCodecConfig:   string input.media-type.value = "audio/mp4a-latm"
06-24 16:13:32.854 10098 10331 D CCodecConfig:   c2::u32 output.delay.value = 2
06-24 16:13:32.854 10098 10331 D CCodecConfig:   c2::float output.drc.output-loudness.value = 0.25
06-24 16:13:32.854 10098 10331 D CCodecConfig:   c2::u32 output.large-frame.max-size = 0
06-24 16:13:32.854 10098 10331 D CCodecConfig:   c2::u32 output.large-frame.threshold-size = 0
06-24 16:13:32.854 10098 10331 D CCodecConfig:   string output.media-type.value = "audio/raw"
06-24 16:13:32.854 10098 10331 D CCodecConfig:   c2::u32 raw.channel-count.value = 1
06-24 16:13:32.854 10098 10331 D CCodecConfig:   c2::u32 raw.channel-mask.value = 0
06-24 16:13:32.854 10098 10331 D CCodecConfig:   c2::u32 raw.max-channel-count.value = 8
06-24 16:13:32.854 10098 10331 D CCodecConfig:   c2::u32 raw.sample-rate.value = 44100
06-24 16:13:32.854 10098 10331 D CCodecConfig: }
06-24 16:13:32.856 10098 10331 I MediaCodec: MediaCodec will operate in async mode
06-24 16:13:32.858 10098 10276 I MediaCodec: media_quality service unavailable, skipping updatePictureProfile
06-24 16:13:32.858 10098 10331 D CCodec  : [c2.android.aac.decoder] buffers are bound to CCodec for this session
06-24 16:13:32.858 10098 10331 D CCodecConfig: no c2 equivalents for log-session-id
06-24 16:13:32.858 10098 10331 D CCodecConfig: no c2 equivalents for importance
06-24 16:13:32.858 10098 10331 D CCodecConfig: no c2 equivalents for flags
06-24 16:13:32.860 10098 10331 D CCodecConfig: c2 config diff is   c2::u32 raw.channel-count.value = 2
06-24 16:13:32.860 10098 10331 D CCodecConfig:   c2::u32 raw.sample-rate.value = 48000
06-24 16:13:32.860 10098 10331 D CCodec  : encoding statistics level = 0
06-24 16:13:32.860 10098 10331 D CCodec  : setup formats input: AMessage(what = 0x00000000) = {
06-24 16:13:32.860 10098 10331 D CCodec  :   int32_t aac-drc-album-mode = 0
06-24 16:13:32.860 10098 10331 D CCodec  :   int32_t aac-drc-boost-level = 127
06-24 16:13:32.860 10098 10331 D CCodec  :   int32_t aac-drc-cut-level = 127
06-24 16:13:32.860 10098 10331 D CCodec  :   int32_t aac-drc-effect-type = 3
06-24 16:13:32.860 10098 10331 D CCodec  :   int32_t aac-encoded-target-level = -1
06-24 16:13:32.860 10098 10331 D CCodec  :   int32_t aac-max-output-channel_count = 8
06-24 16:13:32.860 10098 10331 D CCodec  :   int32_t aac-target-ref-level = 64
06-24 16:13:32.860 10098 10331 D CCodec  :   int32_t bitrate = 64000
06-24 16:13:32.860 10098 10331 D CCodec  :   int32_t channel-count = 2
06-24 16:13:32.860 10098 10331 D CCodec  :   int32_t channel-mask = 0
06-24 16:13:32.860 10098 10331 D CCodec  :   int32_t level = 0
06-24 16:13:32.860 10098 10331 D CCodec  :   int32_t max-input-size = 8192
06-24 16:13:32.860 10098 10331 D CCodec  :   int32_t max-output-channel-count = 8
06-24 16:13:32.860 10098 10331 D CCodec  :   string mime = "audio/mp4a-latm"
06-24 16:13:32.860 10098 10331 D CCodec  :   int32_t profile = 2
06-24 16:13:32.860 10098 10331 D CCodec  :   int32_t sample-rate = 48000
06-24 16:13:32.860 10098 10331 D CCodec  : }
06-24 16:13:32.860 10098 10331 D CCodec  : setup formats output: AMessage(what = 0x00000000) = {
06-24 16:13:32.860 10098 10331 D CCodec  :   int32_t aac-drc-album-mode = 0
06-24 16:13:32.860 10098 10331 D CCodec  :   int32_t aac-drc-boost-level = 127
06-24 16:13:32.860 10098 10331 D CCodec  :   int32_t aac-drc-cut-level = 127
06-24 16:13:32.860 10098 10331 D CCodec  :   int32_t aac-drc-effect-type = 3
06-24 16:13:32.860 10098 10331 D CCodec  :   int32_t aac-drc-output-loudness = -1
06-24 16:13:32.860 10098 10331 D CCodec  :   int32_t aac-encoded-target-level = -1
06-24 16:13:32.860 10098 10331 D CCodec  :   int32_t aac-max-output-channel_count = 8
06-24 16:13:32.860 10098 10331 D CCodec  :   int32_t aac-target-ref-level = 64
06-24 16:13:32.860 10098 10331 D CCodec  :   int32_t buffer-batch-max-output-size = 0
06-24 16:13:32.860 10098 10331 D CCodec  :   int32_t buffer-batch-threshold-output-size = 0
06-24 16:13:32.860 10098 10331 D CCodec  :   int32_t channel-count = 2
06-24 16:13:32.860 10098 10331 D CCodec  :   int32_t channel-mask = 0
06-24 16:13:32.860 10098 10331 D CCodec  :   int32_t max-output-channel-count = 8
06-24 16:13:32.860 10098 10331 D CCodec  :   string mime = "audio/raw"
06-24 16:13:32.860 10098 10331 D CCodec  :   int32_t sample-rate = 48000
06-24 16:13:32.860 10098 10331 D CCodec  :   int32_t android._config-pcm-encoding = 2
06-24 16:13:32.860 10098 10331 D CCodec  : }
06-24 16:13:32.861 10098 10331 I CCodecConfig: query failed after returning 21 values (BAD_INDEX)
06-24 16:13:32.861 10098 10331 E com.player.tv: Failed to query component interface for required system resources: 6
06-24 16:13:32.862 10098 10276 D MediaCodec: keep callback message for reclaim
06-24 16:13:32.865 10098 10331 D CCodecBufferChannel: [c2.android.aac.decoder#656] Created input block pool with allocatorID 16 => poolID 23 - OK (0)
06-24 16:13:32.867 10098 10331 I CCodecBufferChannel: [c2.android.aac.decoder#656] Created output block pool with allocatorID 16 => poolID 62 - OK
06-24 16:13:32.867 10098 10331 D CCodecBufferChannel: [c2.android.aac.decoder#656] Configured output block pool ids 62 => OK
06-24 16:13:32.872 10098 10331 W com.player.tv: AIBinder_linkToDeath is being called with a non-null cookie and no onUnlink callback set. Use AIBinder_DeathRecipient_setOnUnlinked to manage the lifetime of the cookie. This will become an abort.
06-24 16:13:32.895 10098 10117 W com.player.tv: AIBinder_linkToDeath is being called with a non-null cookie and no onUnlink callback set. Use AIBinder_DeathRecipient_setOnUnlinked to manage the lifetime of the cookie. This will become an abort.
06-24 16:13:32.896 10098 10331 D CCodecConfig: c2 config diff is   c2::u32 raw.channel-mask.value = 12
06-24 16:13:32.896 10098 10331 D CCodecBuffers: [c2.android.aac.decoder#656:1D-Output] popFromStashAndRegister: at 1000007806322us, output format changed to AMessage(what = 0x00000000) = {
06-24 16:13:32.896 10098 10331 D CCodecBuffers:   int32_t aac-drc-album-mode = 0
06-24 16:13:32.896 10098 10331 D CCodecBuffers:   int32_t aac-drc-boost-level = 127
06-24 16:13:32.896 10098 10331 D CCodecBuffers:   int32_t aac-drc-cut-level = 127
06-24 16:13:32.896 10098 10331 D CCodecBuffers:   int32_t aac-drc-effect-type = 3
06-24 16:13:32.896 10098 10331 D CCodecBuffers:   int32_t aac-drc-output-loudness = -1
06-24 16:13:32.896 10098 10331 D CCodecBuffers:   int32_t aac-encoded-target-level = -1
06-24 16:13:32.896 10098 10331 D CCodecBuffers:   int32_t aac-max-output-channel_count = 8
06-24 16:13:32.896 10098 10331 D CCodecBuffers:   int32_t aac-target-ref-level = 64
06-24 16:13:32.896 10098 10331 D CCodecBuffers:   int32_t buffer-batch-max-output-size = 0
06-24 16:13:32.896 10098 10331 D CCodecBuffers:   int32_t buffer-batch-threshold-output-size = 0
06-24 16:13:32.896 10098 10331 D CCodecBuffers:   int32_t channel-count = 2
06-24 16:13:32.896 10098 10331 D CCodecBuffers:   int32_t channel-mask = 12
06-24 16:13:32.896 10098 10331 D CCodecBuffers:   int32_t max-output-channel-count = 8
06-24 16:13:32.896 10098 10331 D CCodecBuffers:   string mime = "audio/raw"
06-24 16:13:32.896 10098 10331 D CCodecBuffers:   int32_t sample-rate = 48000
06-24 16:13:32.896 10098 10331 D CCodecBuffers:   int32_t android._config-pcm-encoding = 2
06-24 16:13:32.896 10098 10331 D CCodecBuffers: }
06-24 16:13:32.977 10098 10105 I com.player.tv: Background young concurrent mark compact GC freed 10MB AllocSpace bytes, 42(6416KB) LOS objects, 26% free, 46MB/63MB, paused 2.779ms,11.193ms total 60.977ms
06-24 16:13:33.041 10098 10276 D AudioTrack: getTimestamp_l(40): device stall time corrected using current time 3605879591900
06-24 16:13:37.015 10098 10117 D AidlBufferPool: bufferpool2 0x749b77069818 : 5(31457280 size) total buffers - 5(31457280 size) used buffers - 350/358 (recycle/alloc) - 16/356 (fetch/transfer)
06-24 16:13:37.020 10098 10174 D AidlBufferPool: bufferpool2 0x749b77066c28 : 0(0 size) total buffers - 0(0 size) used buffers - 197/207 (recycle/alloc) - 14/197 (fetch/transfer)
06-24 16:13:37.020 10098 10174 D AidlBufferPoolAcc: evictor expired: 1, evicted: 1
06-24 16:13:38.106 10098 10331 D AidlBufferPool: bufferpool2 0x749b77070718 : 5(40960 size) total buffers - 2(16384 size) used buffers - 264/269 (recycle/alloc) - 5/268 (fetch/transfer)
06-24 16:13:38.755 10098 10295 I Surface : Creating surface for consumer unnamed-10098-6 with slotExpansion=0 for 64 slots
06-24 16:13:38.755 10098 10295 D SurfaceUtils: connecting to surface 0x749c170a4f20, reason connectToSurface
06-24 16:13:38.755 10098 10295 I MediaCodec: [c2.goldfish.h264.decoder] setting surface generation to 10340358
06-24 16:13:38.755 10098 10295 D SurfaceUtils: disconnecting from surface 0x749c170a4f20, reason connectToSurface(reconnect)
06-24 16:13:38.755 10098 10295 D SurfaceUtils: connecting to surface 0x749c170a4f10, reason connectToSurface(reconnect-with-listener)
06-24 16:13:38.755 10098 10295 D Codec2Client: setOutputSurface -- failed to set consumer usage (6/BAD_INDEX)
06-24 16:13:38.755 10098 10295 D LegacyGraphicsTracker: new surface in configuration: maxDequeueRequested(0), maxDequeueCommitted(12)
06-24 16:13:38.755 10098 10295 D LegacyGraphicsTracker: new surface configured with id:43370579755014 gen:10340358 maxDequeue:12
06-24 16:13:38.755 10098 10295 D LegacyGraphicsTracker: maxDequeueCount is already 12
06-24 16:13:38.755 10098 10295 D Codec2Client: setOutputSurface -- generation=10340358 consumer usage=0x900
06-24 16:13:38.755 10098 10295 D SurfaceUtils: disconnecting from surface 0x749c1705f570, reason disconnectFromSurface
06-24 16:13:38.757 10098 10295 D CCodecBufferChannel: [c2.goldfish.h264.decoder#465] MediaCodec discarded an unknown buffer
06-24 16:13:38.757 10098 10338 D CCodec  : hold CodecLooper(1) until release
06-24 16:13:38.761 10098 10276 I DMCodecAdapterFactory: Creating an asynchronous MediaCodec adapter for track type video
06-24 16:13:38.762 10098 10295 D SurfaceUtils: disconnecting from surface 0x749c170a4f20, reason disconnectFromSurface
06-24 16:13:38.773 10098 10276 I MediaCodec: Retry enabled for HDCP failure
06-24 16:13:38.778 10098 10276 W com.player.tv: Failed to query component store for system resources: 6
06-24 16:13:38.782 10098 10340 D CCodec  : allocate(c2.goldfish.h264.decoder)
06-24 16:13:38.784 10098 10340 I CCodec  : setting up 'default' as default (vendor) store
06-24 16:13:38.788 10098 10340 W com.player.tv: AIBinder_linkToDeath is being called with a non-null cookie and no onUnlink callback set. Use AIBinder_DeathRecipient_setOnUnlinked to manage the lifetime of the cookie. This will become an abort.
06-24 16:13:38.788 10098 10340 I CCodec  : Created component [c2.goldfish.h264.decoder] for [c2.goldfish.h264.decoder]
06-24 16:13:38.788 10098 10340 D CCodecConfig: read media type: video/avc
06-24 16:13:38.791 10098 10340 D ReflectedParamUpdater: ignored struct field coded.color-format.locations
06-24 16:13:38.793 10098 10340 D ReflectedParamUpdater: extent() != 1 for single value type: algo.buffers.max-count.values
06-24 16:13:38.793 10098 10340 D ReflectedParamUpdater: extent() != 1 for single value type: output.subscribed-indices.values
06-24 16:13:38.795 10098 10340 D ReflectedParamUpdater: extent() != 1 for single value type: input.buffers.allocator-ids.values
06-24 16:13:38.795 10098 10340 D ReflectedParamUpdater: extent() != 1 for single value type: output.buffers.allocator-ids.values
06-24 16:13:38.797 10098 10340 D ReflectedParamUpdater: extent() != 1 for single value type: algo.buffers.allocator-ids.values
06-24 16:13:38.797 10098 10340 D ReflectedParamUpdater: extent() != 1 for single value type: output.buffers.pool-ids.values
06-24 16:13:38.798 10098 10340 D ReflectedParamUpdater: extent() != 1 for single value type: algo.buffers.pool-ids.values
06-24 16:13:38.799 10098 10340 D CCodecConfig: ignoring local param raw.size (0xd2001800) as it is already supported
06-24 16:13:38.799 10098 10340 D CCodecConfig: ignoring local param default.color (0x5200180b) as it is already supported
06-24 16:13:38.799 10098 10340 D ReflectedParamUpdater: ignored struct field raw.hdr-static-info.mastering
06-24 16:13:38.801 10098 10340 I CCodecConfig: query failed after returning 14 values (BAD_INDEX)
06-24 16:13:38.801 10098 10340 D CCodecConfig: c2 config diff is Dict {
06-24 16:13:38.801 10098 10340 D CCodecConfig:   c2::u32 coded.pl.level = 20496
06-24 16:13:38.801 10098 10340 D CCodecConfig:   c2::u32 coded.pl.profile = 20481
06-24 16:13:38.801 10098 10340 D CCodecConfig:   c2::u32 coded.vui.color.matrix = 0
06-24 16:13:38.801 10098 10340 D CCodecConfig:   c2::u32 coded.vui.color.primaries = 0
06-24 16:13:38.801 10098 10340 D CCodecConfig:   c2::u32 coded.vui.color.range = 2
06-24 16:13:38.801 10098 10340 D CCodecConfig:   c2::u32 coded.vui.color.transfer = 0
06-24 16:13:38.801 10098 10340 D CCodecConfig:   c2::u32 default.color.matrix = 0
06-24 16:13:38.801 10098 10340 D CCodecConfig:   c2::u32 default.color.primaries = 0
06-24 16:13:38.801 10098 10340 D CCodecConfig:   c2::u32 default.color.range = 0
06-24 16:13:38.801 10098 10340 D CCodecConfig:   c2::u32 default.color.transfer = 0
06-24 16:13:38.801 10098 10340 D CCodecConfig:   c2::u32 input.buffers.max-size.value = 6291456
06-24 16:13:38.801 10098 10340 D CCodecConfig:   c2::u32 input.delay.value = 0
06-24 16:13:38.801 10098 10340 D CCodecConfig:   Buffer input.hdr10-plus-info.value = {
06-24 16:13:38.801 10098 10340 D CCodecConfig:   }
06-24 16:13:38.801 10098 10340 D CCodecConfig:   string input.media-type.value = "video/avc"
06-24 16:13:38.801 10098 10340 D CCodecConfig:   c2::u32 output.delay.value = 8
06-24 16:13:38.801 10098 10340 D CCodecConfig:   Buffer output.hdr10-plus-info.value = {
06-24 16:13:38.801 10098 10340 D CCodecConfig:   }
06-24 16:13:38.801 10098 10340 D CCodecConfig:   string output.media-type.value = "video/raw"
06-24 16:13:38.801 10098 10340 D CCodecConfig:   c2::u32 raw.color.matrix = 0
06-24 16:13:38.801 10098 10340 D CCodecConfig:   c2::u32 raw.color.primaries = 0
06-24 16:13:38.801 10098 10340 D CCodecConfig:   c2::u32 raw.color.range = 2
06-24 16:13:38.801 10098 10340 D CCodecConfig:   c2::u32 raw.color.transfer = 0
06-24 16:13:38.801 10098 10340 D CCodecConfig:   c2::u32 raw.max-size.height = 240
06-24 16:13:38.801 10098 10340 D CCodecConfig:   c2::u32 raw.max-size.width = 320
06-24 16:13:38.801 10098 10340 D CCodecConfig:   c2::u32 raw.pixel-format.value = 35
06-24 16:13:38.801 10098 10340 D CCodecConfig:   c2::i32 raw.rotation.flip = 0
06-24 16:13:38.801 10098 10340 D CCodecConfig:   c2::i32 raw.rotation.value = 0
06-24 16:13:38.801 10098 10340 D CCodecConfig:   c2::u32 raw.sar.height = 1
06-24 16:13:38.801 10098 10340 D CCodecConfig:   c2:
06-24 16:13:38.801 10098 10340 W ColorUtils: expected specified color aspects (2:0:0:0)
06-24 16:13:38.805 10098 10339 I MediaCodec: MediaCodec will operate in async mode
06-24 16:13:38.806 10098 10276 I Surface : Creating surface for consumer af479b6 SurfaceView[com.player.tv/com.player.tv.MainActivity]#3(BLAST Consumer)3 with slotExpansion=1 for 64 slots
06-24 16:13:38.807 10098 10276 I MediaCodec: media_quality service unavailable, skipping updatePictureProfile
06-24 16:13:38.808 10098 10339 D SurfaceUtils: connecting to surface 0x749c170845b0, reason connectToSurface
06-24 16:13:38.808 10098 10339 I MediaCodec: [c2.goldfish.h264.decoder] setting surface generation to 10340359
06-24 16:13:38.808 10098 10339 D SurfaceUtils: disconnecting from surface 0x749c170845b0, reason connectToSurface(reconnect)
06-24 16:13:38.808 10098 10339 D SurfaceUtils: connecting to surface 0x749c170845a0, reason connectToSurface(reconnect-with-listener)
06-24 16:13:38.810 10098 10340 I CCodecBufferChannel: Using latch times for frame rendered signals - present fences not supported
06-24 16:13:38.810 10098 10340 D CCodec  : [c2.goldfish.h264.decoder] buffers are bound to CCodec for this session
06-24 16:13:38.811 10098 10340 D CCodecConfig: no c2 equivalents for log-session-id
06-24 16:13:38.811 10098 10340 D CCodecConfig: no c2 equivalents for importance
06-24 16:13:38.811 10098 10340 D CCodecConfig: no c2 equivalents for color-standard
06-24 16:13:38.811 10098 10340 D CCodecConfig: no c2 equivalents for csd-1
06-24 16:13:38.811 10098 10340 D CCodecConfig: no c2 equivalents for native-window
06-24 16:13:38.811 10098 10340 D CCodecConfig: no c2 equivalents for native-window-generation
06-24 16:13:38.811 10098 10340 D CCodecConfig: no c2 equivalents for flags
06-24 16:13:38.812 10098 10340 D CCodecConfig: config failed => CORRUPTED
06-24 16:13:38.813 10098 10340 D CCodecConfig: c2 config diff is   c2::u32 default.color.matrix = 1
06-24 16:13:38.813 10098 10340 D CCodecConfig:   c2::u32 default.color.primaries = 1
06-24 16:13:38.813 10098 10340 D CCodecConfig:   c2::u32 default.color.range = 2
06-24 16:13:38.813 10098 10340 D CCodecConfig:   c2::u32 default.color.transfer = 3
06-24 16:13:38.813 10098 10340 D CCodecConfig:   c2::u32 raw.max-size.height = 1080
06-24 16:13:38.813 10098 10340 D CCodecConfig:   c2::u32 raw.max-size.width = 1920
06-24 16:13:38.813 10098 10340 D CCodecConfig:   c2::u32 raw.size.height = 1080
06-24 16:13:38.813 10098 10340 D CCodecConfig:   c2::u32 raw.size.width = 1920
06-24 16:13:38.814 10098 10340 D CCodec  : client requested max input size 1566720, which is smaller than what component recommended (6291456); overriding with component recommendation.
06-24 16:13:38.814 10098 10340 W CCodec  : This behavior is subject to change. It is recommended that app developers double check whether the requested max input size is in reasonable range.
06-24 16:13:38.814 10098 10340 D CCodec  : encoding statistics level = 0
06-24 16:13:38.814 10098 10340 D CCodec  : setup formats input: AMessage(what = 0x00000000) = {
06-24 16:13:38.814 10098 10340 D CCodec  :   int32_t height = 1080
06-24 16:13:38.814 10098 10340 D CCodec  :   int32_t level = 65536
06-24 16:13:38.814 10098 10340 D CCodec  :   int32_t max-input-size = 6291456
06-24 16:13:38.814 10098 10340 D CCodec  :   string mime = "video/avc"
06-24 16:13:38.814 10098 10340 D CCodec  :   int32_t profile = 65536
06-24 16:13:38.814 10098 10340 D CCodec  :   int32_t width = 1920
06-24 16:13:38.814 10098 10340 D CCodec  :   Rect crop(0, 0, 1919, 1079)
06-24 16:13:38.814 10098 10340 D CCodec  : }
06-24 16:13:38.814 10098 10340 D CCodec  : setup formats output: AMessage(what = 0x00000000) = {
06-24 16:13:38.814 10098 10340 D CCodec  :   int32_t android._color-format = 2135033992
06-24 16:13:38.814 10098 10340 D CCodec  :   int32_t android._video-scaling = 1
06-24 16:13:38.814 10098 10340 D CCodec  :   int32_t rotation-degrees = 0
06-24 16:13:38.814 10098 10340 D CCodec  :   int32_t color-standard = 1
06-24 16:13:38.814 10098 10340 D CCodec  :   int32_t color-range = 2
06-24 16:13:38.814 10098 10340 D CCodec  :   int32_t color-transfer = 3
06-24 16:13:38.814 10098 10340 D CCodec  :   int32_t sar-height = 1
06-24 16:13:38.814 10098 10340 D CCodec  :   int32_t sar-width = 1
06-24 16:13:38.814 10098 10340 D CCodec  :   Rect crop(0, 0, 1919, 1079)
06-24 16:13:38.814 10098 10340 D CCodec  :   int32_t width = 1920
06-24 16:13:38.814 10098 10340 D CCodec  :   Buffer hdr10-plus-info = {
06-24 16:13:38.814 10098 10340 D CCodec  :   }
06-24 16:13:38.814 10098 10340 D CCodec  :   int32_t height = 1080
06-24 16:13:38.814 10098 10340 D CCodec  :   int32_t max-height = 1080
06-24 16:13:38.814 10098 10340 D CCodec  :   int32_t max-width = 1920
06-24 16:13:38.814 10098 10340 D CCodec  :   string mime = "video/raw"
06-24 16:13:38.814 10098 10340 D CCodec  :   int32_t android._dataspace = 260
06-24 16:13:38.814 10098 10340 D CCodec  :   int32_t color-format = 2130708361
06-24 16:13:38.814 10098 10340 D CCodec  : }
06-24 16:13:38.815 10098 10340 I CCodecConfig: query failed after returning 14 values (BAD_INDEX)
06-24 16:13:38.815 10098 10340 D CCodecConfig: c2 config diff is   c2::u32 raw.color.matrix = 1
06-24 16:13:38.815 10098 10340 D CCodecConfig:   c2::u32 raw.color.primaries = 1
06-24 16:13:38.815 10098 10340 D CCodecConfig:   c2::u32 raw.color.transfer = 3
06-24 16:13:38.816 10098 10340 E com.player.tv: Failed to query component interface for required system resources: 6
06-24 16:13:38.818 10098 10276 D MediaCodec: keep callback message for reclaim
06-24 16:13:38.821 10098 10340 I libbinder.BpBinder: onLastStrongRef automatically unlinking death recipients for binder (0x749c6706bcd0) with descriptor: 'android.hardware.media.bufferpool2.IAccessor'
06-24 16:13:38.822 10098 10340 D CCodecBufferChannel: [c2.goldfish.h264.decoder#465] Created input block pool with allocatorID 16 => poolID 24 - OK (0)
06-24 16:13:38.824 10098 10340 D CCodecBufferChannel: [c2.goldfish.h264.decoder#465] Query output surface allocator returned 0 params => BAD_INDEX (6)
06-24 16:13:38.824 10098 10340 D Codec2Client: GraphicBufferAllocator created
06-24 16:13:38.827 10098 10340 I CCodecBufferChannel: [c2.goldfish.h264.decoder#465] Created output block pool with allocatorID 18 => poolID 30 - OK
06-24 16:13:38.827 10098 10340 D CCodecBufferChannel: [c2.goldfish.h264.decoder#465] Configured output block pool ids 30 => OK
06-24 16:13:38.828 10098 10340 D Codec2Client: setOutputSurface -- failed to set consumer usage (6/BAD_INDEX)
06-24 16:13:38.829 10098 10340 D LegacyGraphicsTracker: new surface in configuration: maxDequeueRequested(0), maxDequeueCommitted(3)
06-24 16:13:38.829 10098 10340 D LegacyGraphicsTracker: new surface configured with id:43370579755012 gen:10340359 maxDequeue:3
06-24 16:13:38.829 10098 10340 D LegacyGraphicsTracker: maxDequeueCount committed to IGBP: 12
06-24 16:13:38.829 10098 10340 D LegacyGraphicsTracker: Cache size 0 -> 0: maybe_cleared(0), dequeued(0)
06-24 16:13:38.829 10098 10340 D LegacyGraphicsTracker: maxDqueueCount change 3 -> 12: pending: 0
06-24 16:13:38.829 10098 10340 D Codec2Client: setOutputSurface -- generation=10340359 consumer usage=0x900
06-24 16:13:38.836 10098 10339 W com.player.tv: AIBinder_linkToDeath is being called with a non-null cookie and no onUnlink callback set. Use AIBinder_DeathRecipient_setOnUnlinked to manage the lifetime of the cookie. This will become an abort.
06-24 16:13:38.911 10098 10340 D CCodecConfig: c2 config diff is   c2::u32 raw.crop.height = 1080
06-24 16:13:38.911 10098 10340 D CCodecConfig:   c2::u32 raw.crop.left = 0
06-24 16:13:38.911 10098 10340 D CCodecConfig:   c2::u32 raw.crop.top = 0
06-24 16:13:38.911 10098 10340 D CCodecConfig:   c2::u32 raw.crop.width = 1920
06-24 16:13:43.622 10098 10331 D AidlBufferPool: bufferpool2 0x749b77070718 : 5(40960 size) total buffers - 1(8192 size) used buffers - 512/522 (recycle/alloc) - 10/521 (fetch/transfer)
06-24 16:13:43.956 10098 10339 D AidlBufferPool: bufferpool2 0x749b7706f248 : 5(31457280 size) total buffers - 4(25165824 size) used buffers - 138/143 (recycle/alloc) - 5/143 (fetch/transfer)
06-24 16:13:44.028 10098 10174 D AidlBufferPool: bufferpool2 0x749b77069818 : 0(0 size) total buffers - 0(0 size) used buffers - 377/385 (recycle/alloc) - 16/383 (fetch/transfer)
06-24 16:13:44.028 10098 10174 D AidlBufferPoolAcc: evictor expired: 1, evicted: 1
06-24 16:13:48.859 10098 10331 D AidlBufferPool: bufferpool2 0x749b77070718 : 5(40960 size) total buffers - 4(32768 size) used buffers - 761/771 (recycle/alloc) - 10/768 (fetch/transfer)
06-24 16:13:49.135 10098 10340 D AidlBufferPool: bufferpool2 0x749b7706f248 : 5(31457280 size) total buffers - 4(25165824 size) used buffers - 273/278 (recycle/alloc) - 5/277 (fetch/transfer)
06-24 16:13:54.153 10098 10331 D AidlBufferPool: bufferpool2 0x749b77070718 : 5(40960 size) total buffers - 4(32768 size) used buffers - 1010/1020 (recycle/alloc) - 10/1017 (fetch/transfer)
06-24 16:13:54.334 10098 10183 D AidlBufferPool: bufferpool2 0x749b7706f248 : 5(31457280 size) total buffers - 5(31457280 size) used buffers - 402/407 (recycle/alloc) - 5/406 (fetch/transfer)
06-24 16:13:57.656 10098 10276 E MediaCodecAudioRenderer: Audio sink error
06-24 16:13:57.656 10098 10276 E MediaCodecAudioRenderer:   androidx.media3.exoplayer.audio.AudioSink$UnexpectedDiscontinuityException: Unexpected audio track timestamp discontinuity: expected 1000032766322, got 1000034686322
06-24 16:13:57.656 10098 10276 E MediaCodecAudioRenderer:       at androidx.media3.exoplayer.audio.DefaultAudioSink.handleBuffer(DefaultAudioSink.java:1003)
06-24 16:13:57.656 10098 10276 E MediaCodecAudioRenderer:       at androidx.media3.exoplayer.audio.MediaCodecAudioRenderer.processOutputBuffer(MediaCodecAudioRenderer.java:813)
06-24 16:13:57.656 10098 10276 E MediaCodecAudioRenderer:       at androidx.media3.exoplayer.mediacodec.MediaCodecRenderer.drainOutputBuffer(MediaCodecRenderer.java:2067)
06-24 16:13:57.656 10098 10276 E MediaCodecAudioRenderer:       at androidx.media3.exoplayer.mediacodec.MediaCodecRenderer.render(MediaCodecRenderer.java:875)
06-24 16:13:57.656 10098 10276 E MediaCodecAudioRenderer:       at androidx.media3.exoplayer.ExoPlayerImplInternal.doSomeWork(ExoPlayerImplInternal.java:1138)
06-24 16:13:57.656 10098 10276 E MediaCodecAudioRenderer:       at androidx.media3.exoplayer.ExoPlayerImplInternal.handleMessage(ExoPlayerImplInternal.java:562)
06-24 16:13:57.656 10098 10276 E MediaCodecAudioRenderer:       at android.os.Handler.dispatchMessageImpl(Handler.java:138)
06-24 16:13:57.656 10098 10276 E MediaCodecAudioRenderer:       at android.os.Handler.dispatchMessage(Handler.java:125)
06-24 16:13:57.656 10098 10276 E MediaCodecAudioRenderer:       at android.os.Looper.loopOnce(Looper.java:296)
06-24 16:13:57.656 10098 10276 E MediaCodecAudioRenderer:       at android.os.Looper.loop(Looper.java:397)
06-24 16:13:57.656 10098 10276 E MediaCodecAudioRenderer:       at android.os.HandlerThread.run(HandlerThread.java:139)
06-24 16:13:59.504 10098 10117 D AidlBufferPool: bufferpool2 0x749b7706f248 : 5(31457280 size) total buffers - 5(31457280 size) used buffers - 532/537 (recycle/alloc) - 5/536 (fetch/transfer)
06-24 16:13:59.540 10098 10331 D AidlBufferPool: bufferpool2 0x749b77070718 : 5(40960 size) total buffers - 1(8192 size) used buffers - 1260/1270 (recycle/alloc) - 10/1269 (fetch/transfer)
06-24 16:13:59.541 10098 10276 E MediaCodecAudioRenderer: Audio sink error
06-24 16:13:59.541 10098 10276 E MediaCodecAudioRenderer:   androidx.media3.exoplayer.audio.AudioSink$UnexpectedDiscontinuityException: Unexpected audio track timestamp discontinuity: expected 1000036606322, got 1000034686322
06-24 16:13:59.541 10098 10276 E MediaCodecAudioRenderer:       at androidx.media3.exoplayer.audio.DefaultAudioSink.handleBuffer(DefaultAudioSink.java:1003)
06-24 16:13:59.541 10098 10276 E MediaCodecAudioRenderer:       at androidx.media3.exoplayer.audio.MediaCodecAudioRenderer.processOutputBuffer(MediaCodecAudioRenderer.java:813)
06-24 16:13:59.541 10098 10276 E MediaCodecAudioRenderer:       at androidx.media3.exoplayer.mediacodec.MediaCodecRenderer.drainOutputBuffer(MediaCodecRenderer.java:2067)
06-24 16:13:59.541 10098 10276 E MediaCodecAudioRenderer:       at androidx.media3.exoplayer.mediacodec.MediaCodecRenderer.render(MediaCodecRenderer.java:875)
06-24 16:13:59.541 10098 10276 E MediaCodecAudioRenderer:       at androidx.media3.exoplayer.ExoPlayerImplInternal.doSomeWork(ExoPlayerImplInternal.java:1138)
06-24 16:13:59.541 10098 10276 E MediaCodecAudioRenderer:       at androidx.media3.exoplayer.ExoPlayerImplInternal.handleMessage(ExoPlayerImplInternal.java:562)
06-24 16:13:59.541 10098 10276 E MediaCodecAudioRenderer:       at android.os.Handler.dispatchMessageImpl(Handler.java:138)
06-24 16:13:59.541 10098 10276 E MediaCodecAudioRenderer:       at android.os.Handler.dispatchMessage(Handler.java:125)
06-24 16:13:59.541 10098 10276 E MediaCodecAudioRenderer:       at android.os.Looper.loopOnce(Looper.java:296)
06-24 16:13:59.541 10098 10276 E MediaCodecAudioRenderer:       at android.os.Looper.loop(Looper.java:397)
06-24 16:13:59.541 10098 10276 E MediaCodecAudioRenderer:       at android.os.HandlerThread.run(HandlerThread.java:139)
06-24 16:14:00.011 10098 10276 D MediaCodec: keep callback message for reclaim
06-24 16:14:00.012 10098 10339 I CCodecConfig: query failed after returning 14 values (BAD_INDEX)
06-24 16:14:00.012 10098 10339 D CCodecConfig: c2 config diff is   c2::u32 coded.vui.color.matrix = 1
06-24 16:14:00.012 10098 10339 D CCodecConfig:   c2::u32 coded.vui.color.primaries = 1
06-24 16:14:00.012 10098 10339 D CCodecConfig:   c2::u32 coded.vui.color.transfer = 3
06-24 16:14:00.028 10098 10340 D CCodecBufferChannel: [c2.goldfish.h264.decoder#465] flushed work; ignored.
06-24 16:14:00.028 10098 10340 D CCodecBufferChannel: [c2.goldfish.h264.decoder#465] Discard frames from previous generation.
06-24 16:14:00.028 10098 10340 D LegacyGraphicsTracker: maxDequeueCount is already 12
06-24 16:14:00.028 10098 10109 D PipelineWatcher: onInputBufferReleased: frameIndex not found (551); ignored
06-24 16:14:00.028 10098 10109 D CCodecBufferChannel: [c2.goldfish.h264.decoder#465] Ignoring stale input buffer done callback: last flush index = 553, frameIndex = 551
06-24 16:14:00.042 10098 10117 D CCodecBufferChannel: [c2.goldfish.h264.decoder#465] Ignoring stale input buffer done callback: last flush index = 553, frameIndex = 553
06-24 16:14:04.589 10098 10340 D AidlBufferPool: bufferpool2 0x749b7706f248 : 5(31457280 size) total buffers - 5(31457280 size) used buffers - 635/640 (recycle/alloc) - 6/639 (fetch/transfer)
06-24 16:14:04.932 10098 10331 D AidlBufferPool: bufferpool2 0x749b77070718 : 5(40960 size) total buffers - 1(8192 size) used buffers - 1512/1522 (recycle/alloc) - 10/1521 (fetch/transfer)
06-24 16:14:09.789 10098 10199 D AidlBufferPool: bufferpool2 0x749b7706f248 : 5(31457280 size) total buffers - 5(31457280 size) used buffers - 765/770 (recycle/alloc) - 6/769 (fetch/transfer)
06-24 16:14:10.213 10098 10331 D AidlBufferPool: bufferpool2 0x749b77070718 : 5(40960 size) total buffers - 1(8192 size) used buffers - 1760/1770 (recycle/alloc) - 10/1769 (fetch/transfer)
06-24 16:14:14.988 10098 10197 D AidlBufferPool: bufferpool2 0x749b7706f248 : 5(31457280 size) total buffers - 5(31457280 size) used buffers - 895/900 (recycle/alloc) - 6/899 (fetch/transfer)
06-24 16:14:15.539 10098 10331 D AidlBufferPool: bufferpool2 0x749b77070718 : 5(40960 size) total buffers - 1(8192 size) used buffers - 2010/2020 (recycle/alloc) - 10/2019 (fetch/transfer)
06-24 16:14:20.183 10098 10109 D AidlBufferPool: bufferpool2 0x749b7706f248 : 5(31457280 size) total buffers - 5(31457280 size) used buffers - 1025/1030 (recycle/alloc) - 6/1029 (fetch/transfer)
06-24 16:14:20.912 10098 10331 D AidlBufferPool: bufferpool2 0x749b77070718 : 5(40960 size) total buffers - 1(8192 size) used buffers - 2262/2272 (recycle/alloc) - 10/2271 (fetch/transfer)
06-24 16:14:25.391 10098 10340 D AidlBufferPool: bufferpool2 0x749b7706f248 : 5(31457280 size) total buffers - 5(31457280 size) used buffers - 1155/1160 (recycle/alloc) - 6/1159 (fetch/transfer)
06-24 16:14:26.300 10098 10331 D AidlBufferPool: bufferpool2 0x749b77070718 : 5(40960 size) total buffers - 1(8192 size) used buffers - 2513/2523 (recycle/alloc) - 10/2522 (fetch/transfer)
06-24 16:14:30.620 10098 10340 D AidlBufferPool: bufferpool2 0x749b7706f248 : 5(31457280 size) total buffers - 4(25165824 size) used buffers - 1286/1291 (recycle/alloc) - 6/1290 (fetch/transfer)
06-24 16:14:31.544 10098 10331 D AidlBufferPool: bufferpool2 0x749b77070718 : 5(40960 size) total buffers - 1(8192 size) used buffers - 2760/2770 (recycle/alloc) - 10/2769 (fetch/transfer)
06-24 16:14:35.780 10098 10197 D AidlBufferPool: bufferpool2 0x749b7706f248 : 5(31457280 size) total buffers - 5(31457280 size) used buffers - 1415/1420 (recycle/alloc) - 6/1419 (fetch/transfer)
06-24 16:14:36.820 10098 10331 D AidlBufferPool: bufferpool2 0x749b77070718 : 5(40960 size) total buffers - 1(8192 size) used buffers - 3007/3017 (recycle/alloc) - 10/3016 (fetch/transfer)
06-24 16:14:40.985 10098 10199 D AidlBufferPool: bufferpool2 0x749b7706f248 : 5(31457280 size) total buffers - 5(31457280 size) used buffers - 1545/1550 (recycle/alloc) - 6/1549 (fetch/transfer)
06-24 16:14:42.098 10098 10331 D AidlBufferPool: bufferpool2 0x749b77070718 : 5(40960 size) total buffers - 1(8192 size) used buffers - 3257/3267 (recycle/alloc) - 10/3267 (fetch/transfer)
06-24 16:14:46.191 10098 10117 D AidlBufferPool: bufferpool2 0x749b7706f248 : 5(31457280 size) total buffers - 5(31457280 size) used buffers - 1675/1680 (recycle/alloc) - 6/1679 (fetch/transfer)
06-24 16:14:47.335 10098 10331 D AidlBufferPool: bufferpool2 0x749b77070718 : 5(40960 size) total buffers - 1(8192 size) used buffers - 3500/3510 (recycle/alloc) - 10/3509 (fetch/transfer)

— Session kết thúc: 2026-06-24 16:14:48
